// Jest Snapshot v1, https://goo.gl/fbAQLP

exports[`render Should respect the if attribute 1`] = `
<div>
  Test
</div>
`;

exports[`render Should respect the if attribute 2`] = `
<div>
  Test
</div>
`;
